// Jest Snapshot v1, https://goo.gl/fbAQLP

exports[`Alert component renders as expected 1`] = `
<div
  className="alert alert-dismissible alert-warning"
  style={
    Object {
      "WebkitTransform": "scale(1)",
      "transform": "scale(1)",
    }
  }
>
  <button
    className="close"
    onClick={undefined}
    type="button"
  >
    Ã—
  </button>
  <p />
</div>
`;
